Component: ARM Compiler 5.06 update 7 (build 960) Tool: armlink [4d3601]

==============================================================================

Section Cross References

    main.o(i.main) refers to key.o(i.KEY_Init) for KEY_Init
    main.o(i.main) refers to led.o(i.LED_Init) for LED_Init
    main.o(i.main) refers to led.o(i.LED0_Close) for LED0_Close
    main.o(i.main) refers to led.o(i.LED1_Close) for LED1_Close
    main.o(i.main) refers to led.o(i.LED2_Close) for LED2_Close
    main.o(i.main) refers to key.o(i.KEY0_Down) for KEY0_Down
    main.o(i.main) refers to led.o(i.LED0_Toggle) for LED0_Toggle
    main.o(i.main) refers to key.o(i.KEY1_Down) for KEY1_Down
    main.o(i.main) refers to led.o(i.LED1_Toggle) for LED1_Toggle
    led.o(i.LED0_Close) refers to led.o(i.nrf_gpio_pin_set) for nrf_gpio_pin_set
    led.o(i.LED0_Open) refers to led.o(i.nrf_gpio_pin_clear) for nrf_gpio_pin_clear
    led.o(i.LED0_Toggle) refers to led.o(i.nrf_gpio_pin_toggle) for nrf_gpio_pin_toggle
    led.o(i.LED1_Close) refers to led.o(i.nrf_gpio_pin_set) for nrf_gpio_pin_set
    led.o(i.LED1_Open) refers to led.o(i.nrf_gpio_pin_clear) for nrf_gpio_pin_clear
    led.o(i.LED1_Toggle) refers to led.o(i.nrf_gpio_pin_toggle) for nrf_gpio_pin_toggle
    led.o(i.LED2_Close) refers to led.o(i.nrf_gpio_pin_set) for nrf_gpio_pin_set
    led.o(i.LED2_Open) refers to led.o(i.nrf_gpio_pin_clear) for nrf_gpio_pin_clear
    led.o(i.LED2_Toggle) refers to led.o(i.nrf_gpio_pin_toggle) for nrf_gpio_pin_toggle
    led.o(i.LED_Init) refers to led.o(i.nrf_gpio_cfg_output) for nrf_gpio_cfg_output
    led.o(i.nrf_gpio_cfg_output) refers to led.o(i.nrf_gpio_pin_port_decode) for nrf_gpio_pin_port_decode
    led.o(i.nrf_gpio_pin_clear) refers to led.o(i.nrf_gpio_pin_port_decode) for nrf_gpio_pin_port_decode
    led.o(i.nrf_gpio_pin_set) refers to led.o(i.nrf_gpio_pin_port_decode) for nrf_gpio_pin_port_decode
    led.o(i.nrf_gpio_pin_toggle) refers to led.o(i.nrf_gpio_pin_port_decode) for nrf_gpio_pin_port_decode
    key.o(i.KEY0_Down) refers to key.o(i.nrf_gpio_pin_read) for nrf_gpio_pin_read
    key.o(i.KEY0_Down) refers to key.o(i.nrf_delay_ms) for nrf_delay_ms
    key.o(i.KEY1_Down) refers to key.o(i.nrf_gpio_pin_read) for nrf_gpio_pin_read
    key.o(i.KEY1_Down) refers to key.o(i.nrf_delay_ms) for nrf_delay_ms
    key.o(i.KEY2_Down) refers to key.o(i.nrf_gpio_pin_read) for nrf_gpio_pin_read
    key.o(i.KEY2_Down) refers to key.o(i.nrf_delay_ms) for nrf_delay_ms
    key.o(i.KEY3_Down) refers to key.o(i.nrf_gpio_pin_read) for nrf_gpio_pin_read
    key.o(i.KEY3_Down) refers to key.o(i.nrf_delay_ms) for nrf_delay_ms
    key.o(i.KEY_Init) refers to key.o(i.nrf_gpio_cfg_input) for nrf_gpio_cfg_input
    key.o(i.nrf_delay_ms) refers to key.o(.constdata) for .constdata
    key.o(i.nrf_gpio_cfg_input) refers to key.o(i.nrf_gpio_pin_port_decode) for nrf_gpio_pin_port_decode
    key.o(i.nrf_gpio_pin_read) refers to key.o(i.nrf_gpio_pin_port_decode) for nrf_gpio_pin_port_decode
    arm_startup_nrf52840.o(RESET) refers to arm_startup_nrf52840.o(STACK) for __initial_sp
    arm_startup_nrf52840.o(RESET) refers to arm_startup_nrf52840.o(.text) for Reset_Handler
    arm_startup_nrf52840.o(.text) refers to system_nrf52.o(i.SystemInit) for SystemInit
    arm_startup_nrf52840.o(.text) refers to entry.o(.ARM.Collect$$$$00000000) for __main
    system_nrf52.o(i.SystemCoreClockUpdate) refers to system_nrf52.o(.data) for .data
    system_nrf52.o(i.SystemInit) refers to system_nrf52.o(i.nvmc_config) for nvmc_config
    system_nrf52.o(i.SystemInit) refers to system_nrf52.o(.data) for .data
    entry.o(.ARM.Collect$$$$00000000) refers (Special) to entry10a.o(.ARM.Collect$$$$0000000F) for __rt_final_cpp
    entry.o(.ARM.Collect$$$$00000000) refers (Special) to entry11a.o(.ARM.Collect$$$$00000011) for __rt_final_exit
    entry.o(.ARM.Collect$$$$00000000) refers (Special) to entry12b.o(.ARM.Collect$$$$0000000E) for __rt_lib_shutdown_fini
    entry.o(.ARM.Collect$$$$00000000) refers (Special) to entry7b.o(.ARM.Collect$$$$00000008) for _main_clock
    entry.o(.ARM.Collect$$$$00000000) refers (Special) to entry8b.o(.ARM.Collect$$$$0000000A) for _main_cpp_init
    entry.o(.ARM.Collect$$$$00000000) refers (Special) to entry9a.o(.ARM.Collect$$$$0000000B) for _main_init
    entry.o(.ARM.Collect$$$$00000000) refers (Special) to entry5.o(.ARM.Collect$$$$00000004) for _main_scatterload
    entry.o(.ARM.Collect$$$$00000000) refers (Special) to entry2.o(.ARM.Collect$$$$00000001) for _main_stk
    entry2.o(.ARM.Collect$$$$00000001) refers to entry2.o(.ARM.Collect$$$$00002712) for __lit__00000000
    entry2.o(.ARM.Collect$$$$00002712) refers to arm_startup_nrf52840.o(STACK) for __initial_sp
    entry2.o(__vectab_stack_and_reset_area) refers to arm_startup_nrf52840.o(STACK) for __initial_sp
    entry2.o(__vectab_stack_and_reset_area) refers to entry.o(.ARM.Collect$$$$00000000) for __main
    entry5.o(.ARM.Collect$$$$00000004) refers to init.o(.text) for __scatterload
    entry9a.o(.ARM.Collect$$$$0000000B) refers to main.o(i.main) for main
    entry9b.o(.ARM.Collect$$$$0000000C) refers to main.o(i.main) for main
    init.o(.text) refers to entry5.o(.ARM.Collect$$$$00000004) for __main_after_scatterload


==============================================================================

Removing Unused input sections from the image.

    Removing main.o(.rev16_text), (4 bytes).
    Removing main.o(.revsh_text), (4 bytes).
    Removing main.o(.rrx_text), (6 bytes).
    Removing led.o(.rev16_text), (4 bytes).
    Removing led.o(.revsh_text), (4 bytes).
    Removing led.o(.rrx_text), (6 bytes).
    Removing led.o(i.LED0_Open), (6 bytes).
    Removing led.o(i.LED1_Open), (6 bytes).
    Removing led.o(i.LED2_Open), (6 bytes).
    Removing led.o(i.LED2_Toggle), (6 bytes).
    Removing led.o(i.nrf_gpio_pin_clear), (20 bytes).
    Removing key.o(.rev16_text), (4 bytes).
    Removing key.o(.revsh_text), (4 bytes).
    Removing key.o(.rrx_text), (6 bytes).
    Removing key.o(i.KEY2_Down), (42 bytes).
    Removing key.o(i.KEY3_Down), (42 bytes).
    Removing arm_startup_nrf52840.o(HEAP), (8192 bytes).
    Removing system_nrf52.o(.rev16_text), (4 bytes).
    Removing system_nrf52.o(.revsh_text), (4 bytes).
    Removing system_nrf52.o(.rrx_text), (6 bytes).
    Removing system_nrf52.o(i.SystemCoreClockUpdate), (16 bytes).
    Removing system_nrf52.o(i.nvmc_wait), (16 bytes).

22 unused section(s) (total 8408 bytes) removed from the image.

==============================================================================

Image Symbol Table

    Local Symbols

    Symbol Name                              Value     Ov Type        Size  Object(Section)

    RESET                                    0x00000000   Section      512  arm_startup_nrf52840.o(RESET)
    ../clib/microlib/init/entry.s            0x00000000   Number         0  entry.o ABSOLUTE
    ../clib/microlib/init/entry.s            0x00000000   Number         0  entry12b.o ABSOLUTE
    ../clib/microlib/init/entry.s            0x00000000   Number         0  entry12a.o ABSOLUTE
    ../clib/microlib/init/entry.s            0x00000000   Number         0  entry11a.o ABSOLUTE
    ../clib/microlib/init/entry.s            0x00000000   Number         0  entry10b.o ABSOLUTE
    ../clib/microlib/init/entry.s            0x00000000   Number         0  entry10a.o ABSOLUTE
    ../clib/microlib/init/entry.s            0x00000000   Number         0  entry9b.o ABSOLUTE
    ../clib/microlib/init/entry.s            0x00000000   Number         0  entry9a.o ABSOLUTE
    ../clib/microlib/init/entry.s            0x00000000   Number         0  entry11b.o ABSOLUTE
    ../clib/microlib/init/entry.s            0x00000000   Number         0  entry8b.o ABSOLUTE
    ../clib/microlib/init/entry.s            0x00000000   Number         0  entry8a.o ABSOLUTE
    ../clib/microlib/init/entry.s            0x00000000   Number         0  entry7b.o ABSOLUTE
    ../clib/microlib/init/entry.s            0x00000000   Number         0  entry7a.o ABSOLUTE
    ../clib/microlib/init/entry.s            0x00000000   Number         0  entry2.o ABSOLUTE
    ../clib/microlib/init/entry.s            0x00000000   Number         0  entry5.o ABSOLUTE
    ..\..\drive\key.c                        0x00000000   Number         0  key.o ABSOLUTE
    ..\..\drive\led.c                        0x00000000   Number         0  led.o ABSOLUTE
    ..\\..\\drive\\key.c                     0x00000000   Number         0  key.o ABSOLUTE
    ..\\..\\drive\\led.c                     0x00000000   Number         0  led.o ABSOLUTE
    RTE/Device/nRF52840_xxAA/arm_startup_nrf52840.s 0x00000000   Number         0  arm_startup_nrf52840.o ABSOLUTE
    RTE/Device/nRF52840_xxAA/system_nrf52.c  0x00000000   Number         0  system_nrf52.o ABSOLUTE
    RTE\Device\nRF52840_xxAA\system_nrf52.c  0x00000000   Number         0  system_nrf52.o ABSOLUTE
    dc.s                                     0x00000000   Number         0  dc.o ABSOLUTE
    handlers.s                               0x00000000   Number         0  handlers.o ABSOLUTE
    init.s                                   0x00000000   Number         0  init.o ABSOLUTE
    main.c                                   0x00000000   Number         0  main.o ABSOLUTE
    main.c                                   0x00000000   Number         0  main.o ABSOLUTE
    .ARM.Collect$$$$00000000                 0x00000200   Section        0  entry.o(.ARM.Collect$$$$00000000)
    .ARM.Collect$$$$00000001                 0x00000200   Section        4  entry2.o(.ARM.Collect$$$$00000001)
    .ARM.Collect$$$$00000004                 0x00000204   Section        4  entry5.o(.ARM.Collect$$$$00000004)
    .ARM.Collect$$$$00000008                 0x00000208   Section        0  entry7b.o(.ARM.Collect$$$$00000008)
    .ARM.Collect$$$$0000000A                 0x00000208   Section        0  entry8b.o(.ARM.Collect$$$$0000000A)
    .ARM.Collect$$$$0000000B                 0x00000208   Section        8  entry9a.o(.ARM.Collect$$$$0000000B)
    .ARM.Collect$$$$0000000E                 0x00000210   Section        4  entry12b.o(.ARM.Collect$$$$0000000E)
    .ARM.Collect$$$$0000000F                 0x00000214   Section        0  entry10a.o(.ARM.Collect$$$$0000000F)
    .ARM.Collect$$$$00000011                 0x00000214   Section        0  entry11a.o(.ARM.Collect$$$$00000011)
    .ARM.Collect$$$$00002712                 0x00000214   Section        4  entry2.o(.ARM.Collect$$$$00002712)
    __lit__00000000                          0x00000214   Data           4  entry2.o(.ARM.Collect$$$$00002712)
    .text                                    0x00000218   Section       36  arm_startup_nrf52840.o(.text)
    $v0                                      0x00000218   Number         0  arm_startup_nrf52840.o(.text)
    .text                                    0x0000023c   Section       36  init.o(.text)
    i.KEY0_Down                              0x00000260   Section        0  key.o(i.KEY0_Down)
    i.KEY1_Down                              0x0000028a   Section        0  key.o(i.KEY1_Down)
    i.KEY_Init                               0x000002b4   Section        0  key.o(i.KEY_Init)
    i.LED0_Close                             0x000002da   Section        0  led.o(i.LED0_Close)
    i.LED0_Toggle                            0x000002e0   Section        0  led.o(i.LED0_Toggle)
    i.LED1_Close                             0x000002e6   Section        0  led.o(i.LED1_Close)
    i.LED1_Toggle                            0x000002ec   Section        0  led.o(i.LED1_Toggle)
    i.LED2_Close                             0x000002f2   Section        0  led.o(i.LED2_Close)
    i.LED_Init                               0x000002f8   Section        0  led.o(i.LED_Init)
    i.SystemInit                             0x00000310   Section        0  system_nrf52.o(i.SystemInit)
    i.__scatterload_copy                     0x000004ec   Section       14  handlers.o(i.__scatterload_copy)
    i.__scatterload_null                     0x000004fa   Section        2  handlers.o(i.__scatterload_null)
    i.__scatterload_zeroinit                 0x000004fc   Section       14  handlers.o(i.__scatterload_zeroinit)
    i.main                                   0x0000050a   Section        0  main.o(i.main)
    i.nrf_delay_ms                           0x00000538   Section        0  key.o(i.nrf_delay_ms)
    nrf_delay_ms                             0x00000539   Thumb Code    28  key.o(i.nrf_delay_ms)
    i.nrf_gpio_cfg_input                     0x00000558   Section        0  key.o(i.nrf_gpio_cfg_input)
    nrf_gpio_cfg_input                       0x00000559   Thumb Code    30  key.o(i.nrf_gpio_cfg_input)
    i.nrf_gpio_cfg_output                    0x00000576   Section        0  led.o(i.nrf_gpio_cfg_output)
    nrf_gpio_cfg_output                      0x00000577   Thumb Code    24  led.o(i.nrf_gpio_cfg_output)
    i.nrf_gpio_pin_port_decode               0x00000590   Section        0  led.o(i.nrf_gpio_pin_port_decode)
    nrf_gpio_pin_port_decode                 0x00000591   Thumb Code    22  led.o(i.nrf_gpio_pin_port_decode)
    i.nrf_gpio_pin_port_decode               0x000005ac   Section        0  key.o(i.nrf_gpio_pin_port_decode)
    nrf_gpio_pin_port_decode                 0x000005ad   Thumb Code    22  key.o(i.nrf_gpio_pin_port_decode)
    i.nrf_gpio_pin_read                      0x000005c8   Section        0  key.o(i.nrf_gpio_pin_read)
    nrf_gpio_pin_read                        0x000005c9   Thumb Code    22  key.o(i.nrf_gpio_pin_read)
    i.nrf_gpio_pin_set                       0x000005de   Section        0  led.o(i.nrf_gpio_pin_set)
    nrf_gpio_pin_set                         0x000005df   Thumb Code    20  led.o(i.nrf_gpio_pin_set)
    i.nrf_gpio_pin_toggle                    0x000005f2   Section        0  led.o(i.nrf_gpio_pin_toggle)
    nrf_gpio_pin_toggle                      0x000005f3   Thumb Code    34  led.o(i.nrf_gpio_pin_toggle)
    i.nvmc_config                            0x00000614   Section        0  system_nrf52.o(i.nvmc_config)
    .constdata                               0x00000630   Section        6  key.o(.constdata)
    delay_machine_code                       0x00000630   Data           6  key.o(.constdata)
    .data                                    0x20000000   Section        4  system_nrf52.o(.data)
    __tagsym$$used                           0x20000000   Number         0  system_nrf52.o(.data)
    STACK                                    0x20000008   Section     8192  arm_startup_nrf52840.o(STACK)

    Global Symbols

    Symbol Name                              Value     Ov Type        Size  Object(Section)

    BuildAttributes$$THM_ISAv4$E$P$D$K$B$S$7EM$VFPi3$EXTD16$VFPS$VFMA$PE$A:L22UL41UL21$X:L11$S22US41US21$IEEE1$IW$USESV6$~STKCKD$USESV7$~SHL$OSPACE$EBA8$MICROLIB$REQ8$PRES8$EABIv2 0x00000000   Number         0  anon$$obj.o ABSOLUTE
    __ARM_use_no_argv                        0x00000000   Number         0  main.o ABSOLUTE
    __Vectors                                0x00000000   Data           4  arm_startup_nrf52840.o(RESET)
    __arm_fini_                               - Undefined Weak Reference
    __cpp_initialize__aeabi_                  - Undefined Weak Reference
    __cxa_finalize                            - Undefined Weak Reference
    __decompress                              - Undefined Weak Reference
    _clock_init                               - Undefined Weak Reference
    _microlib_exit                            - Undefined Weak Reference
    __Vectors_End                            0x00000200   Data           0  arm_startup_nrf52840.o(RESET)
    __Vectors_Size                           0x00000200   Number         0  arm_startup_nrf52840.o ABSOLUTE
    __main                                   0x00000201   Thumb Code     0  entry.o(.ARM.Collect$$$$00000000)
    _main_stk                                0x00000201   Thumb Code     0  entry2.o(.ARM.Collect$$$$00000001)
    _main_scatterload                        0x00000205   Thumb Code     0  entry5.o(.ARM.Collect$$$$00000004)
    __main_after_scatterload                 0x00000209   Thumb Code     0  entry5.o(.ARM.Collect$$$$00000004)
    _main_clock                              0x00000209   Thumb Code     0  entry7b.o(.ARM.Collect$$$$00000008)
    _main_cpp_init                           0x00000209   Thumb Code     0  entry8b.o(.ARM.Collect$$$$0000000A)
    _main_init                               0x00000209   Thumb Code     0  entry9a.o(.ARM.Collect$$$$0000000B)
    __rt_lib_shutdown_fini                   0x00000211   Thumb Code     0  entry12b.o(.ARM.Collect$$$$0000000E)
    __rt_final_cpp                           0x00000215   Thumb Code     0  entry10a.o(.ARM.Collect$$$$0000000F)
    __rt_final_exit                          0x00000215   Thumb Code     0  entry11a.o(.ARM.Collect$$$$00000011)
    Reset_Handler                            0x00000219   Thumb Code     8  arm_startup_nrf52840.o(.text)
    NMI_Handler                              0x00000221   Thumb Code     2  arm_startup_nrf52840.o(.text)
    HardFault_Handler                        0x00000223   Thumb Code     2  arm_startup_nrf52840.o(.text)
    MemoryManagement_Handler                 0x00000225   Thumb Code     2  arm_startup_nrf52840.o(.text)
    BusFault_Handler                         0x00000227   Thumb Code     2  arm_startup_nrf52840.o(.text)
    UsageFault_Handler                       0x00000229   Thumb Code     2  arm_startup_nrf52840.o(.text)
    SVC_Handler                              0x0000022b   Thumb Code     2  arm_startup_nrf52840.o(.text)
    DebugMon_Handler                         0x0000022d   Thumb Code     2  arm_startup_nrf52840.o(.text)
    PendSV_Handler                           0x0000022f   Thumb Code     2  arm_startup_nrf52840.o(.text)
    SysTick_Handler                          0x00000231   Thumb Code     2  arm_startup_nrf52840.o(.text)
    CCM_AAR_IRQHandler                       0x00000233   Thumb Code     0  arm_startup_nrf52840.o(.text)
    COMP_LPCOMP_IRQHandler                   0x00000233   Thumb Code     0  arm_startup_nrf52840.o(.text)
    CRYPTOCELL_IRQHandler                    0x00000233   Thumb Code     0  arm_startup_nrf52840.o(.text)
    ECB_IRQHandler                           0x00000233   Thumb Code     0  arm_startup_nrf52840.o(.text)
    FPU_IRQHandler                           0x00000233   Thumb Code     0  arm_startup_nrf52840.o(.text)
    GPIOTE_IRQHandler                        0x00000233   Thumb Code     0  arm_startup_nrf52840.o(.text)
    I2S_IRQHandler                           0x00000233   Thumb Code     0  arm_startup_nrf52840.o(.text)
    MWU_IRQHandler                           0x00000233   Thumb Code     0  arm_startup_nrf52840.o(.text)
    NFCT_IRQHandler                          0x00000233   Thumb Code     0  arm_startup_nrf52840.o(.text)
    PDM_IRQHandler                           0x00000233   Thumb Code     0  arm_startup_nrf52840.o(.text)
    POWER_CLOCK_IRQHandler                   0x00000233   Thumb Code     0  arm_startup_nrf52840.o(.text)
    PWM0_IRQHandler                          0x00000233   Thumb Code     0  arm_startup_nrf52840.o(.text)
    PWM1_IRQHandler                          0x00000233   Thumb Code     0  arm_startup_nrf52840.o(.text)
    PWM2_IRQHandler                          0x00000233   Thumb Code     0  arm_startup_nrf52840.o(.text)
    PWM3_IRQHandler                          0x00000233   Thumb Code     0  arm_startup_nrf52840.o(.text)
    QDEC_IRQHandler                          0x00000233   Thumb Code     0  arm_startup_nrf52840.o(.text)
    QSPI_IRQHandler                          0x00000233   Thumb Code     0  arm_startup_nrf52840.o(.text)
    RADIO_IRQHandler                         0x00000233   Thumb Code     0  arm_startup_nrf52840.o(.text)
    RNG_IRQHandler                           0x00000233   Thumb Code     0  arm_startup_nrf52840.o(.text)
    RTC0_IRQHandler                          0x00000233   Thumb Code     0  arm_startup_nrf52840.o(.text)
    RTC1_IRQHandler                          0x00000233   Thumb Code     0  arm_startup_nrf52840.o(.text)
    RTC2_IRQHandler                          0x00000233   Thumb Code     0  arm_startup_nrf52840.o(.text)
    SAADC_IRQHandler                         0x00000233   Thumb Code     0  arm_startup_nrf52840.o(.text)
    SPIM0_SPIS0_TWIM0_TWIS0_SPI0_TWI0_IRQHandler 0x00000233   Thumb Code     0  arm_startup_nrf52840.o(.text)
    SPIM1_SPIS1_TWIM1_TWIS1_SPI1_TWI1_IRQHandler 0x00000233   Thumb Code     0  arm_startup_nrf52840.o(.text)
    SPIM2_SPIS2_SPI2_IRQHandler              0x00000233   Thumb Code     0  arm_startup_nrf52840.o(.text)
    SPIM3_IRQHandler                         0x00000233   Thumb Code     0  arm_startup_nrf52840.o(.text)
    SWI0_EGU0_IRQHandler                     0x00000233   Thumb Code     0  arm_startup_nrf52840.o(.text)
    SWI1_EGU1_IRQHandler                     0x00000233   Thumb Code     0  arm_startup_nrf52840.o(.text)
    SWI2_EGU2_IRQHandler                     0x00000233   Thumb Code     0  arm_startup_nrf52840.o(.text)
    SWI3_EGU3_IRQHandler                     0x00000233   Thumb Code     0  arm_startup_nrf52840.o(.text)
    SWI4_EGU4_IRQHandler                     0x00000233   Thumb Code     0  arm_startup_nrf52840.o(.text)
    SWI5_EGU5_IRQHandler                     0x00000233   Thumb Code     0  arm_startup_nrf52840.o(.text)
    TEMP_IRQHandler                          0x00000233   Thumb Code     0  arm_startup_nrf52840.o(.text)
    TIMER0_IRQHandler                        0x00000233   Thumb Code     0  arm_startup_nrf52840.o(.text)
    TIMER1_IRQHandler                        0x00000233   Thumb Code     0  arm_startup_nrf52840.o(.text)
    TIMER2_IRQHandler                        0x00000233   Thumb Code     0  arm_startup_nrf52840.o(.text)
    TIMER3_IRQHandler                        0x00000233   Thumb Code     0  arm_startup_nrf52840.o(.text)
    TIMER4_IRQHandler                        0x00000233   Thumb Code     0  arm_startup_nrf52840.o(.text)
    UARTE0_UART0_IRQHandler                  0x00000233   Thumb Code     0  arm_startup_nrf52840.o(.text)
    UARTE1_IRQHandler                        0x00000233   Thumb Code     0  arm_startup_nrf52840.o(.text)
    USBD_IRQHandler                          0x00000233   Thumb Code     0  arm_startup_nrf52840.o(.text)
    WDT_IRQHandler                           0x00000233   Thumb Code     0  arm_startup_nrf52840.o(.text)
    __scatterload                            0x0000023d   Thumb Code    28  init.o(.text)
    __scatterload_rt2                        0x0000023d   Thumb Code     0  init.o(.text)
    KEY0_Down                                0x00000261   Thumb Code    42  key.o(i.KEY0_Down)
    KEY1_Down                                0x0000028b   Thumb Code    42  key.o(i.KEY1_Down)
    KEY_Init                                 0x000002b5   Thumb Code    38  key.o(i.KEY_Init)
    LED0_Close                               0x000002db   Thumb Code     6  led.o(i.LED0_Close)
    LED0_Toggle                              0x000002e1   Thumb Code     6  led.o(i.LED0_Toggle)
    LED1_Close                               0x000002e7   Thumb Code     6  led.o(i.LED1_Close)
    LED1_Toggle                              0x000002ed   Thumb Code     6  led.o(i.LED1_Toggle)
    LED2_Close                               0x000002f3   Thumb Code     6  led.o(i.LED2_Close)
    LED_Init                                 0x000002f9   Thumb Code    24  led.o(i.LED_Init)
    SystemInit                               0x00000311   Thumb Code   420  system_nrf52.o(i.SystemInit)
    __scatterload_copy                       0x000004ed   Thumb Code    14  handlers.o(i.__scatterload_copy)
    __scatterload_null                       0x000004fb   Thumb Code     2  handlers.o(i.__scatterload_null)
    __scatterload_zeroinit                   0x000004fd   Thumb Code    14  handlers.o(i.__scatterload_zeroinit)
    main                                     0x0000050b   Thumb Code    44  main.o(i.main)
    nvmc_config                              0x00000615   Thumb Code    14  system_nrf52.o(i.nvmc_config)
    Region$$Table$$Base                      0x00000638   Number         0  anon$$obj.o(Region$$Table)
    Region$$Table$$Limit                     0x00000658   Number         0  anon$$obj.o(Region$$Table)
    SystemCoreClock                          0x20000000   Data           4  system_nrf52.o(.data)
    __initial_sp                             0x20002008   Data           0  arm_startup_nrf52840.o(STACK)



==============================================================================

Memory Map of the image

  Image Entry point : 0x00000201

  Load Region LR_IROM1 (Base: 0x00000000, Size: 0x0000065c, Max: 0x00100000, ABSOLUTE)

    Execution Region ER_IROM1 (Exec base: 0x00000000, Load base: 0x00000000, Size: 0x00000658, Max: 0x00100000, ABSOLUTE)

    Exec Addr    Load Addr    Size         Type   Attr      Idx    E Section Name        Object

    0x00000000   0x00000000   0x00000200   Data   RO          347    RESET               arm_startup_nrf52840.o
    0x00000200   0x00000200   0x00000000   Code   RO          411  * .ARM.Collect$$$$00000000  mc_w.l(entry.o)
    0x00000200   0x00000200   0x00000004   Code   RO          414    .ARM.Collect$$$$00000001  mc_w.l(entry2.o)
    0x00000204   0x00000204   0x00000004   Code   RO          417    .ARM.Collect$$$$00000004  mc_w.l(entry5.o)
    0x00000208   0x00000208   0x00000000   Code   RO          419    .ARM.Collect$$$$00000008  mc_w.l(entry7b.o)
    0x00000208   0x00000208   0x00000000   Code   RO          421    .ARM.Collect$$$$0000000A  mc_w.l(entry8b.o)
    0x00000208   0x00000208   0x00000008   Code   RO          422    .ARM.Collect$$$$0000000B  mc_w.l(entry9a.o)
    0x00000210   0x00000210   0x00000004   Code   RO          429    .ARM.Collect$$$$0000000E  mc_w.l(entry12b.o)
    0x00000214   0x00000214   0x00000000   Code   RO          424    .ARM.Collect$$$$0000000F  mc_w.l(entry10a.o)
    0x00000214   0x00000214   0x00000000   Code   RO          426    .ARM.Collect$$$$00000011  mc_w.l(entry11a.o)
    0x00000214   0x00000214   0x00000004   Code   RO          415    .ARM.Collect$$$$00002712  mc_w.l(entry2.o)
    0x00000218   0x00000218   0x00000024   Code   RO          348    .text               arm_startup_nrf52840.o
    0x0000023c   0x0000023c   0x00000024   Code   RO          430    .text               mc_w.l(init.o)
    0x00000260   0x00000260   0x0000002a   Code   RO          267    i.KEY0_Down         key.o
    0x0000028a   0x0000028a   0x0000002a   Code   RO          268    i.KEY1_Down         key.o
    0x000002b4   0x000002b4   0x00000026   Code   RO          271    i.KEY_Init          key.o
    0x000002da   0x000002da   0x00000006   Code   RO          158    i.LED0_Close        led.o
    0x000002e0   0x000002e0   0x00000006   Code   RO          160    i.LED0_Toggle       led.o
    0x000002e6   0x000002e6   0x00000006   Code   RO          161    i.LED1_Close        led.o
    0x000002ec   0x000002ec   0x00000006   Code   RO          163    i.LED1_Toggle       led.o
    0x000002f2   0x000002f2   0x00000006   Code   RO          164    i.LED2_Close        led.o
    0x000002f8   0x000002f8   0x00000018   Code   RO          167    i.LED_Init          led.o
    0x00000310   0x00000310   0x000001dc   Code   RO          356    i.SystemInit        system_nrf52.o
    0x000004ec   0x000004ec   0x0000000e   Code   RO          434    i.__scatterload_copy  mc_w.l(handlers.o)
    0x000004fa   0x000004fa   0x00000002   Code   RO          435    i.__scatterload_null  mc_w.l(handlers.o)
    0x000004fc   0x000004fc   0x0000000e   Code   RO          436    i.__scatterload_zeroinit  mc_w.l(handlers.o)
    0x0000050a   0x0000050a   0x0000002c   Code   RO            4    i.main              main.o
    0x00000536   0x00000536   0x00000002   PAD
    0x00000538   0x00000538   0x00000020   Code   RO          272    i.nrf_delay_ms      key.o
    0x00000558   0x00000558   0x0000001e   Code   RO          273    i.nrf_gpio_cfg_input  key.o
    0x00000576   0x00000576   0x00000018   Code   RO          168    i.nrf_gpio_cfg_output  led.o
    0x0000058e   0x0000058e   0x00000002   PAD
    0x00000590   0x00000590   0x0000001c   Code   RO          170    i.nrf_gpio_pin_port_decode  led.o
    0x000005ac   0x000005ac   0x0000001c   Code   RO          274    i.nrf_gpio_pin_port_decode  key.o
    0x000005c8   0x000005c8   0x00000016   Code   RO          275    i.nrf_gpio_pin_read  key.o
    0x000005de   0x000005de   0x00000014   Code   RO          171    i.nrf_gpio_pin_set  led.o
    0x000005f2   0x000005f2   0x00000022   Code   RO          172    i.nrf_gpio_pin_toggle  led.o
    0x00000614   0x00000614   0x00000018   Code   RO          357    i.nvmc_config       system_nrf52.o
    0x0000062c   0x0000062c   0x00000004   PAD
    0x00000630   0x00000630   0x00000006   Data   RO          276    .constdata          key.o
    0x00000636   0x00000636   0x00000002   PAD
    0x00000638   0x00000638   0x00000020   Data   RO          432    Region$$Table       anon$$obj.o


    Execution Region RW_IRAM1 (Exec base: 0x20000000, Load base: 0x00000658, Size: 0x00002008, Max: 0x00040000, ABSOLUTE)

    Exec Addr    Load Addr    Size         Type   Attr      Idx    E Section Name        Object

    0x20000000   0x00000658   0x00000004   Data   RW          359    .data               system_nrf52.o
    0x20000004   0x0000065c   0x00000004   PAD
    0x20000008        -       0x00002000   Zero   RW          345    STACK               arm_startup_nrf52840.o


==============================================================================

Image component sizes


      Code (inc. data)   RO Data    RW Data    ZI Data      Debug   Object Name

        36          8        512          0       8192        892   arm_startup_nrf52840.o
       234         10          6          0          0       8775   key.o
       160          6          0          0          0       8746   led.o
        44          0          0          0          0      40083   main.o
       500         66          0          4          0      61972   system_nrf52.o

    ----------------------------------------------------------------------
       982         94        552          4       8196     120468   Object Totals
         0          0         32          0          0          0   (incl. Generated)
         8          4          2          0          4          0   (incl. Padding)

    ----------------------------------------------------------------------

      Code (inc. data)   RO Data    RW Data    ZI Data      Debug   Library Member Name

         0          0          0          0          0          0   entry.o
         0          0          0          0          0          0   entry10a.o
         0          0          0          0          0          0   entry11a.o
         4          0          0          0          0          0   entry12b.o
         8          4          0          0          0          0   entry2.o
         4          0          0          0          0          0   entry5.o
         0          0          0          0          0          0   entry7b.o
         0          0          0          0          0          0   entry8b.o
         8          4          0          0          0          0   entry9a.o
        30          0          0          0          0          0   handlers.o
        36          8          0          0          0         68   init.o

    ----------------------------------------------------------------------
        90         16          0          0          0         68   Library Totals
         0          0          0          0          0          0   (incl. Padding)

    ----------------------------------------------------------------------

      Code (inc. data)   RO Data    RW Data    ZI Data      Debug   Library Name

        90         16          0          0          0         68   mc_w.l

    ----------------------------------------------------------------------
        90         16          0          0          0         68   Library Totals

    ----------------------------------------------------------------------

==============================================================================


      Code (inc. data)   RO Data    RW Data    ZI Data      Debug   

      1072        110        552          4       8196     119040   Grand Totals
      1072        110        552          4       8196     119040   ELF Image Totals
      1072        110        552          4          0          0   ROM Totals

==============================================================================

    Total RO  Size (Code + RO Data)                 1624 (   1.59kB)
    Total RW  Size (RW Data + ZI Data)              8200 (   8.01kB)
    Total ROM Size (Code + RO Data + RW Data)       1628 (   1.59kB)

==============================================================================

